[https://adolabsnet.github.io.git/index.html]
[backblue.gif]
[fade.gif]
[index.html]
[https://adolabsnet.github.io.git/cdn-cgi/apps/head/2EFUi2C2RXeUuj-mc_mu2rfH2Kc.js]
[https://adolabsnet.github.io.git/lib/bootstrap/css/bootstrap.min.css]
[https://adolabsnet.github.io.git/lib/ionicons/css/ionicons.min.css]
[https://adolabsnet.github.io.git/lib/owlcarousel/assets/owl.carousel.min.css]
[https://adolabsnet.github.io.git/lib/magnific-popup/magnific-popup.css]
[https://adolabsnet.github.io.git/lib/hover/hover.min.css]
[https://adolabsnet.github.io.git/css/style.css]
[https://adolabsnet.github.io.git/css/responsive.css]
[https://adolabsnet.github.io.git/images/favicon.png]
[https://adolabsnet.github.io.git/lib/jquery/jquery.min.js]
[https://adolabsnet.github.io.git/lib/jquery/jquery-migrate.min.js]
[https://adolabsnet.github.io.git/lib/bootstrap/js/bootstrap.bundle.min.js]
[https://adolabsnet.github.io.git/lib/typed/typed.js]
[https://adolabsnet.github.io.git/lib/owlcarousel/owl.carousel.min.js]
[https://adolabsnet.github.io.git/lib/magnific-popup/magnific-popup.min.js]
[https://adolabsnet.github.io.git/lib/isotope/isotope.pkgd.min.js]
[https://adolabsnet.github.io.git/js/main.js]
[https://adolabsnet.github.io.git/index.html]
[https://adolabsnet.github.io.git/lib/bootstrap/css/bootstrap.min.css]
[ajax.cloudflare.com/cdn-cgi/scripts/95c75768/cloudflare-static/rocket-loader.min.js]
[https://adolabsnet.github.io.git/lib/ionicons/fonts/ionicons28b5.eot]
[https://adolabsnet.github.io.git/lib/ionicons/fonts/ionicons28b5.ttf]
[https://adolabsnet.github.io.git/lib/ionicons/fonts/ionicons28b5.woff]
[https://adolabsnet.github.io.git/lib/ionicons/css/ionicons.min.css]
[https://adolabsnet.github.io.git/lib/ionicons/fonts/ionicons28b5.svg]
[https://adolabsnet.github.io.git/lib/owlcarousel/assets/owl.video.play.png]
[https://adolabsnet.github.io.git/lib/owlcarousel/assets/owl.carousel.min.css]
[https://adolabsnet.github.io.git/lib/magnific-popup/magnific-popup.css]
[https://adolabsnet.github.io.git/lib/hover/hover.min.css]
[https://adolabsnet.github.io.git/images/home-bg.jpg]
[https://adolabsnet.github.io.git/css/style.css]
[https://adolabsnet.github.io.git/css/responsive.css]
[https://adolabsnet.github.io.git/lib/ionicons/fonts/ionicons28b5.svg]
[pagead2.googlesyndication.com/pagead/js/adsbygoogle.js]
